// Jest Snapshot v1, https://goo.gl/fbAQLP

exports[`Import component renders correctly 1`] = `
Array [
  <RCTSafeAreaView
    emulateUnlessSupported={true}
    style={
      Object {
        "alignItems": "center",
        "borderBottomColor": "rgba(189, 195, 199,0.6)",
        "borderBottomWidth": 1,
        "flexDirection": "row",
        "height": 60,
      }
    }
  >
    <View
      accessible={true}
      focusable={true}
      isTVSelectable={true}
      onClick={[Function]}
      onResponderGrant={[Function]}
      onResponderMove={[Function]}
      onResponderRelease={[Function]}
      onResponderTerminate={[Function]}
      onResponderTerminationRequest={[Function]}
      onStartShouldSetResponder={[Function]}
      style={
        Object {
          "height": 60,
          "opacity": 1,
          "paddingLeft": 20,
          "paddingTop": 21,
          "width": 60,
        }
      }
    >
      <Image
        source={
          Object {
            "testUri": "../../../app/assets/images/backArrow.png",
          }
        }
        style={
          Object {
            "height": 18,
            "width": 18.48,
          }
        }
      />
    </View>
    <Text
      style={
        Object {
          "fontFamily": "OpenSans-Bold",
          "fontSize": 24,
        }
      }
    >
      Import Locations
    </Text>
  </View>
  <View
    style={
      Object {
        "alignItems": "center",
        "flex": 1,
        "flexDirection": "column",
        "justifyContent": "center",
        "paddingLeft": 20,
        "paddingRight": 20,
        "width": "100%",
      }
    }
  >
    <View
      style={
        Object {
          "fontSize": 22,
          "fontWeight": "bold",
          "padding": 5,
          "textAlign": "center",
        }
      }
    >
      <Text
        style={
          Object {
            "fontFamily": "OpenSans-Regular",
            "fontSize": 16,
            "lineHeight": 24,
            "marginTop": 12,
            "textAlignVertical": "center",
          }
        }
      >
        1. Login to your Google Account and Download your Location History
      </Text>
      <Text
        style={
          Object {
            "alignSelf": "center",
            "color": "#FFF",
            "fontFamily": "IBMPlexSans-Medium",
            "fontSize": 26,
            "paddingHorizontal": 20,
            "position": "absolute",
            "textAlign": "center",
            "width": "100%",
          }
        }
      >
        2. After downloaded, open this screen again. The data will import automatically.
      </Text>
    </View>
    <View
      style={
        Object {
          "alignSelf": "center",
          "flex": 1,
          "flexDirection": "column",
          "paddingLeft": 20,
          "paddingRight": 20,
          "textAlignVertical": "top",
          "width": "100%",
        }
      }
    >
      <View
        style={
          Array [
            Object {
              "flex": 1,
              "overflow": "hidden",
            },
            undefined,
          ]
        }
      >
        <Text
          style={
            Object {
              "fontFamily": "IBMPlexSans",
              "fontSize": 16,
              "fontWeight": "normal",
              "lineHeight": 24,
              "marginTop": 12,
              "writingDirection": "ltr",
            }
          }
          use="body1"
        >
          Adding location data from Google will give you a head start on building your recent locations.
        </Text>
        <Text
          style={
            Object {
              "fontFamily": "IBMPlexSans",
              "fontSize": 16,
              "fontWeight": "normal",
              "lineHeight": 24,
              "marginTop": 12,
              "writingDirection": "ltr",
            }
          }
          use="body1"
        >
          Before you can import, you must first 'Take out' your location data from Google.
        </Text>
        <Text
          style={
            Object {
              "fontFamily": "IBMPlexSans",
              "fontSize": 16,
              "fontWeight": "normal",
              "lineHeight": 24,
              "marginTop": 12,
              "writingDirection": "ltr",
            }
          }
          use="body1"
        >
          Visit Google Takeout and export your Location History using following settings: 
1. Delivery method: "Add to Drive" 
2. Frequency: "Export once" 
3. File type & size: ".zip" and "1GB" 
4. Google sends an email when the export is ready 
5. Return here to import locations. Import options: 
- Import from Google Drive 
- Download from browser, then import from local phone files. Make sure to be on WiFi network as files can be big.
        </Text>
        <View
          accessible={true}
          focusable={true}
          isTVSelectable={true}
          onClick={[Function]}
          onResponderGrant={[Function]}
          onResponderMove={[Function]}
          onResponderRelease={[Function]}
          onResponderTerminate={[Function]}
          onResponderTerminationRequest={[Function]}
          onStartShouldSetResponder={[Function]}
          style={
            Object {
              "alignSelf": "center",
              "backgroundColor": "#4051DB",
              "borderRadius": 12,
              "height": 52,
              "justifyContent": "center",
              "marginTop": 30,
              "opacity": 1,
              "width": 589.9499999999999,
            }
          }
          testID="google-takeout-link"
        >
          <Text
            style={
              Object {
                "color": "#FFF",
                "fontFamily": "IBMPlexSans-SemiBold",
                "fontSize": 14,
                "fontWeight": "normal",
                "letterSpacing": 0,
                "lineHeight": 19,
                "textAlign": "center",
                "writingDirection": "ltr",
              }
            }
            use="body1"
          >
            VISIT GOOGLE TAKEOUT
          </Text>
        </View>
        <View
          accessible={true}
          focusable={true}
          isTVSelectable={true}
          onClick={[Function]}
          onResponderGrant={[Function]}
          onResponderMove={[Function]}
          onResponderRelease={[Function]}
          onResponderTerminate={[Function]}
          onResponderTerminationRequest={[Function]}
          onStartShouldSetResponder={[Function]}
          style={
            Object {
              "alignSelf": "center",
              "backgroundColor": "#4051DB",
              "borderRadius": 12,
              "height": 52,
              "justifyContent": "center",
              "marginTop": 30,
              "opacity": 1,
              "width": 589.9499999999999,
            }
          }
          testID="google-takeout-import-btn"
        >
          <Text
            style={
              Object {
                "color": "#FFF",
                "fontFamily": "IBMPlexSans-SemiBold",
                "fontSize": 14,
                "fontWeight": "normal",
                "letterSpacing": 0,
                "lineHeight": 19,
                "textAlign": "center",
                "writingDirection": "ltr",
              }
            }
            use="body1"
          >
            IMPORT LOCATIONS
          </Text>
        </View>
      </View>
      <ActivityIndicator
        animating={true}
        color="#999999"
        hidesWhenStopped={true}
        size="large"
        style={
          Object {
            "left": 375,
            "position": "absolute",
            "top": 667,
          }
        }
      />
    </View>
  </View>
</RCTSafeAreaView>
`;
